Flow report for OpenMIPS_KIMWENG_sopc
Wed Jan 05 19:12:19 2022
Quartus II 64-Bit Version 13.1.0 Build 162 10/23/2013 SJ Web Edition


---------------------
; Table of Contents ;
---------------------
  1. Legal Notice
  2. Flow Summary
  3. Flow Settings
  4. Flow Non-Default Global Settings
  5. Flow Elapsed Time
  6. Flow OS Summary
  7. Flow Log
  8. Flow Messages
  9. Flow Suppressed Messages



----------------
; Legal Notice ;
----------------
Copyright (C) 1991-2013 Altera Corporation
Your use of Altera Corporation's design tools, logic functions 
and other software and tools, and its AMPP partner logic 
functions, and any output files from any of the foregoing 
(including device programming or simulation files), and any 
associated documentation or information are expressly subject 
to the terms and conditions of the Altera Program License 
Subscription Agreement, Altera MegaCore Function License 
Agreement, or other applicable license agreement, including, 
without limitation, that your use is for the sole purpose of 
programming logic devices manufactured by Altera and sold by 
Altera or its authorized distributors.  Please refer to the 
applicable agreement for further details.



+---------------------------------------------------------------------------------+
; Flow Summary                                                                    ;
+------------------------------------+--------------------------------------------+
; Flow Status                        ; Successful - Wed Jan 05 19:12:19 2022      ;
; Quartus II 64-Bit Version          ; 13.1.0 Build 162 10/23/2013 SJ Web Edition ;
; Revision Name                      ; OpenMIPS_KIMWENG_sopc                      ;
; Top-level Entity Name              ; OpenMIPS_KIMWENG_sopc                      ;
; Family                             ; Cyclone IV E                               ;
; Device                             ; EP4CE115F29C7                              ;
; Timing Models                      ; Final                                      ;
; Total logic elements               ; 8,745 / 114,480 ( 8 % )                    ;
;     Total combinational functions  ; 8,055 / 114,480 ( 7 % )                    ;
;     Dedicated logic registers      ; 3,422 / 114,480 ( 3 % )                    ;
; Total registers                    ; 3422                                       ;
; Total pins                         ; 153 / 529 ( 29 % )                         ;
; Total virtual pins                 ; 0                                          ;
; Total memory bits                  ; 2,304 / 3,981,312 ( < 1 % )                ;
; Embedded Multiplier 9-bit elements ; 8 / 532 ( 2 % )                            ;
; Total PLLs                         ; 0 / 4 ( 0 % )                              ;
+------------------------------------+--------------------------------------------+


+-------------------------------------------+
; Flow Settings                             ;
+-------------------+-----------------------+
; Option            ; Setting               ;
+-------------------+-----------------------+
; Start date & time ; 01/05/2022 19:10:49   ;
; Main task         ; Compilation           ;
; Revision Name     ; OpenMIPS_KIMWENG_sopc ;
+-------------------+-----------------------+


+---------------------------------------------------------------------------------------------------------------------+
; Flow Non-Default Global Settings                                                                                    ;
+-------------------------------------+--------------------------------+---------------+-------------+----------------+
; Assignment Name                     ; Value                          ; Default Value ; Entity Name ; Section Id     ;
+-------------------------------------+--------------------------------+---------------+-------------+----------------+
; COMPILER_SIGNATURE_ID               ; 39908808254426.164138104912752 ; --            ; --          ; --             ;
; EDA_OUTPUT_DATA_FORMAT              ; Verilog Hdl                    ; --            ; --          ; eda_simulation ;
; EDA_SIMULATION_TOOL                 ; ModelSim-Altera (Verilog)      ; <None>        ; --          ; --             ;
; MAX_CORE_JUNCTION_TEMP              ; 85                             ; --            ; --          ; --             ;
; MIN_CORE_JUNCTION_TEMP              ; 0                              ; --            ; --          ; --             ;
; PARTITION_COLOR                     ; 16764057                       ; --            ; --          ; Top            ;
; PARTITION_FITTER_PRESERVATION_LEVEL ; PLACEMENT_AND_ROUTING          ; --            ; --          ; Top            ;
; PARTITION_NETLIST_TYPE              ; SOURCE                         ; --            ; --          ; Top            ;
; PROJECT_OUTPUT_DIRECTORY            ; output_files                   ; --            ; --          ; --             ;
+-------------------------------------+--------------------------------+---------------+-------------+----------------+


+-------------------------------------------------------------------------------------------------------------------------------+
; Flow Elapsed Time                                                                                                             ;
+---------------------------+--------------+-------------------------+---------------------+------------------------------------+
; Module Name               ; Elapsed Time ; Average Processors Used ; Peak Virtual Memory ; Total CPU Time (on all processors) ;
+---------------------------+--------------+-------------------------+---------------------+------------------------------------+
; Analysis & Synthesis      ; 00:00:27     ; 1.0                     ; 4815 MB             ; 00:00:27                           ;
; Fitter                    ; 00:00:38     ; 3.1                     ; 6122 MB             ; 00:01:23                           ;
; Assembler                 ; 00:00:04     ; 1.0                     ; 4632 MB             ; 00:00:04                           ;
; TimeQuest Timing Analyzer ; 00:00:05     ; 1.4                     ; 4913 MB             ; 00:00:07                           ;
; EDA Netlist Writer        ; 00:00:07     ; 1.0                     ; 4678 MB             ; 00:00:07                           ;
; Total                     ; 00:01:21     ; --                      ; --                  ; 00:02:08                           ;
+---------------------------+--------------+-------------------------+---------------------+------------------------------------+


+----------------------------------------------------------------------------------------+
; Flow OS Summary                                                                        ;
+---------------------------+------------------+-----------+------------+----------------+
; Module Name               ; Machine Hostname ; OS Name   ; OS Version ; Processor type ;
+---------------------------+------------------+-----------+------------+----------------+
; Analysis & Synthesis      ; KIM-WENG         ; Windows 7 ; 6.2        ; x86_64         ;
; Fitter                    ; KIM-WENG         ; Windows 7 ; 6.2        ; x86_64         ;
; Assembler                 ; KIM-WENG         ; Windows 7 ; 6.2        ; x86_64         ;
; TimeQuest Timing Analyzer ; KIM-WENG         ; Windows 7 ; 6.2        ; x86_64         ;
; EDA Netlist Writer        ; KIM-WENG         ; Windows 7 ; 6.2        ; x86_64         ;
+---------------------------+------------------+-----------+------------+----------------+


------------
; Flow Log ;
------------
quartus_map --read_settings_files=on --write_settings_files=off OpenMIPS_KIMWENG_sopc -c OpenMIPS_KIMWENG_sopc
quartus_fit --read_settings_files=off --write_settings_files=off OpenMIPS_KIMWENG_sopc -c OpenMIPS_KIMWENG_sopc
quartus_asm --read_settings_files=off --write_settings_files=off OpenMIPS_KIMWENG_sopc -c OpenMIPS_KIMWENG_sopc
quartus_sta OpenMIPS_KIMWENG_sopc -c OpenMIPS_KIMWENG_sopc
quartus_eda --read_settings_files=off --write_settings_files=off OpenMIPS_KIMWENG_sopc -c OpenMIPS_KIMWENG_sopc



